"Aragorn","appearance","height","tall"
"Arwen","appearance","hair","dark"
"Arwen","appearance","overall","beautiful"
"Elrond","location","beginFellowship","Rivendell"
"Eowyn","appearance","hair","blonde"
"Eowyn","appearance","overall","beautiful"
"Bilbo","appearance","age","well-preserved"
"Boromir","location","beginFellowship","travelling"
"Boromir","location","beginTwoTowers","dead"
"Frodo","location","beginFellowship","The Shire"
"Frodo","appearance","height","short"
"Gandalf","location","beginFellowship","The Shire"
"Gandalf","location","beginTwoTowers","dead"
"Gandalf","appearance","beard","bushy"
"Tom Bombadil","location","beginFellowship","Old Forest"
