"Harry","location","beginFellowship",[]
"Aragorn","location","beginFellowship",[]
"Gandalf","appearance","beard",[{v="bushy",ts=TIMESTAMP}]
"Frodo","location","beginFellowship",[{v="The Shire",ts=TIMESTAMP}]
