"Harry","location","beginFellowship","",0
"Aragorn","location","beginFellowship","",0
"Gandalf","appearance","beard","bushy",1
"Frodo","location","beginFellowship","The Shire",1
