"War and Peace:1869",{title="War and Peace",author_fname="Leo",author_lname="Tolstoy",year="1869",fiction=""}
"Jane Eyre:1847",{title="Jane Eyre",author_fname="Charlotte",author_lname="BrontÃ«",year="1847",fiction=""}
"Twilight:2005",{title="Twilight",author_fname="Stephenie",author_lname="Meyer",year="2005",fiction=""}
"Dracula:1897",{title="",author_fname="",author_lname="",year="",fiction=""}
