"Jane Eyre:1847","BrontÃ«","Charlotte","1847","notAsGood","Jane Eyre"
"Sense and Sensibility:1811","Austen","Jane","1811","good","Sense and Sensibility"
"Tale of Two Cities:1859","Dickens","Charles","1859","good","Tale of Two Cities"
"Twilight:2005","Meyer","Stephenie","2005","ugh","Twilight"
"War and Peace:1869","Tolstoy","Leo","1869","long","War and Peace"
