"D","Achaia","Book1",[{count=1,time=TIMESTAMP}]
"D","Achaia","Book1_b",[{count=1,time=TIMESTAMP}]
"D","Achaian","Book1",[{count=2,time=TIMESTAMP}]
"D","Achaian","Book1_b",[{count=2,time=TIMESTAMP}]
"D","Achaians","Book1",[{count=39,time=TIMESTAMP}]
"D","Achaians","Book1_b",[{count=39,time=TIMESTAMP}]
"D","Achilles","Book1",[{count=20,time=TIMESTAMP}]
"D","Achilles","Book1_b",[{count=20,time=TIMESTAMP}]
"D","Achilles:","Book1",[{count=1,time=TIMESTAMP}]
"D","Achilles:","Book1_b",[{count=1,time=TIMESTAMP}]
"D","Agamemnon","Book1",[{count=15,time=TIMESTAMP}]
"D","Agamemnon","Book1_b",[{count=15,time=TIMESTAMP}]
"D","Ah","Book1",[{count=2,time=TIMESTAMP}]
"D","Ah","Book1_b",[{count=2,time=TIMESTAMP}]
"D","Aias","Book1",[{count=2,time=TIMESTAMP}]
"D","Aias","Book1_b",[{count=2,time=TIMESTAMP}]
"D","Aigaion","Book1",[{count=1,time=TIMESTAMP}]
"D","Aigaion","Book1_b",[{count=1,time=TIMESTAMP}]
"D","Aigeus","Book1",[{count=1,time=TIMESTAMP}]
"D","Aigeus","Book1_b",[{count=1,time=TIMESTAMP}]
"D","Alas","Book1",[{count=1,time=TIMESTAMP}]
"D","Alas","Book1_b",[{count=1,time=TIMESTAMP}]
"D","All","Book1",[{count=3,time=TIMESTAMP}]
"D","All","Book1_b",[{count=3,time=TIMESTAMP}]
"D","Ancient","Book1",[{count=2,time=TIMESTAMP}]
"D","Ancient","Book1_b",[{count=2,time=TIMESTAMP}]
"D","Anon","Book1",[{count=1,time=TIMESTAMP}]
"D","Anon","Book1_b",[{count=1,time=TIMESTAMP}]
"D","Apollo","Book1",[{count=18,time=TIMESTAMP}]
"D","Apollo","Book1_b",[{count=18,time=TIMESTAMP}]
"D","Argives","Book1",[{count=4,time=TIMESTAMP}]
"D","Argives","Book1_b",[{count=4,time=TIMESTAMP}]
"D","Argos","Book1",[{count=1,time=TIMESTAMP}]
"D","Argos","Book1_b",[{count=1,time=TIMESTAMP}]
"D","Athene","Book1",[{count=5,time=TIMESTAMP}]
"D","Athene","Book1_b",[{count=5,time=TIMESTAMP}]
"D","Atreides","Book1",[{count=9,time=TIMESTAMP}]
"D","Atreides","Book1_b",[{count=9,time=TIMESTAMP}]
"D","Atreus","Book1",[{count=13,time=TIMESTAMP}]
"D","Atreus","Book1_b",[{count=13,time=TIMESTAMP}]
"D","Averter","Book1",[{count=1,time=TIMESTAMP}]
"D","Averter","Book1_b",[{count=1,time=TIMESTAMP}]
"D","Briareus","Book1",[{count=1,time=TIMESTAMP}]
"D","Briareus","Book1_b",[{count=1,time=TIMESTAMP}]
"D","Briseis","Book1",[{count=4,time=TIMESTAMP}]
"D","Briseis","Book1_b",[{count=4,time=TIMESTAMP}]
"D","Briseus","Book1",[{count=1,time=TIMESTAMP}]
"D","Briseus","Book1_b",[{count=1,time=TIMESTAMP}]
"D","Chryse","Book1",[{count=5,time=TIMESTAMP}]
"D","Chryse","Book1_b",[{count=5,time=TIMESTAMP}]
"D","Chryseis","Book1",[{count=6,time=TIMESTAMP}]
"D","Chryseis","Book1_b",[{count=6,time=TIMESTAMP}]
"D","Chryses","Book1",[{count=4,time=TIMESTAMP}]
"D","Chryses","Book1_b",[{count=4,time=TIMESTAMP}]
Punctuation received: WindowMarker
Punctuation received: FinalMarker
