"Achaia","Iliad",1
"Achaian","Iliad",2
"Achaians","Iliad",39
"Achilles","Iliad",20
"Achilles:","Iliad",1
"Agamemnon","Iliad",15
"Ah","Iliad",2
"Aias","Iliad",2
"Aigaion","Iliad",1
"Aigeus","Iliad",1
"Alas","Iliad",1
"All","Iliad",3
"Ancient","Iliad",2
"Anon","Iliad",1
"Apollo","Iliad",18
"Argives","Iliad",4
"Argos","Iliad",1
"Athene","Iliad",5
"Atreides","Iliad",9
"Atreus","Iliad",13
"Averter","Iliad",1
"Briareus","Iliad",1
"Briseis","Iliad",4
"Briseus","Iliad",1
"Chryse","Iliad",5
"Chryseis","Iliad",6
"Chryses","Iliad",4
"Danaans","Iliad",8
"Dawn","Iliad",1
"Dost","Iliad",1
"Dryas","Iliad",1
"Eetion","Iliad",1
"Ethiopians","Iliad",1
"Eurybates","Iliad",1
"Evil","Iliad",1
"Exadios","Iliad",1
"Far","Iliad",1
"Far-darter","Iliad",10
"Father","Iliad",1
"First","Iliad",1
"Folk-devouring","Iliad",1
"God","Iliad",1
"Goddess","Iliad",1
"Hades","Iliad",1
"Hector","Iliad",1
"Hephaistos","Iliad",3
"Her","Iliad",1
"Hera","Iliad",12
"Hera:","Iliad",1
"Him","Iliad",1
"Idomeneus","Iliad",1
"Ilios","Iliad",1
"Immortals]","Iliad",1
"Kaineus","Iliad",1
"Kalchas","Iliad",3
"Killa","Iliad",2
"Klytaimnestra","Iliad",1
"Know","Iliad",1
"Kronion","Iliad",1
"Kronions","Iliad",1
"Kronos","Iliad",3
"Kronos:","Iliad",2
"Lady","Iliad",1
"Lemnos","Iliad",1
"Leto","Iliad",2
"Menelaos","Iliad",1
"Menoitios","Iliad",1
"Mightiest","Iliad",1
"Moreover","Iliad",1
"Mother","Iliad",1
"Mountain","Iliad",1
"Muses","Iliad",1
"My","Iliad",1
"Myrmidons","Iliad",2
"Neither","Iliad",2
"Nestor","Iliad",1
"Odysseus","Iliad",5
"Okeanos","Iliad",1
"Olympian","Iliad",5
"Olympians","Iliad",1
"Olympus","Iliad",14
"Pallas","Iliad",2
"Patroklos","Iliad",2
"Peirithoos","Iliad",1
"Peleides","Iliad",3
"Peleus","Iliad",7
"Phoebus","Iliad",6
"Phthia","Iliad",2
"Polyphemos","Iliad",1
"Poseidon","Iliad",1
"Priam","Iliad",2
"Priams","Iliad",1
"Pylians","Iliad",1
"Pylos","Iliad",2
"Sintian","Iliad",1
"Smintheus!","Iliad",1
"Son","Iliad",1
"Speak","Iliad",1
"Sword","Iliad",1
"Talthybios","Iliad",1
"Tenedos","Iliad",2
"Thebe","Iliad",1
"Theseus","Iliad",1
"Thestor","Iliad",1
"Thetis","Iliad",5
"Thus","Iliad",2
"Trojan","Iliad",2
"Trojans","Iliad",5
"Troy-land","Iliad",1
"Zeus","Iliad",30
"Zeus--who","Iliad",1
"Zeus?","Iliad",1
"[Patroklos]","Iliad",1
"wordTotal","Iliad",6491
