"Kaineus","Iliad",1
"Kalchas","Iliad",3
"Killa","Iliad",2
"Klytaimnestra","Iliad",1
"Know","Iliad",1
"Kronion","Iliad",1
"Kronions","Iliad",1
"Kronos","Iliad",3
"Kronos:","Iliad",2
