"Aragorn","appearance","height",[{yourchoice="tall",ts=TIMESTAMP}]
"Arwen","appearance","hair",[{yourchoice="dark",ts=TIMESTAMP}]
"Arwen","appearance","overall",[{yourchoice="beautiful",ts=TIMESTAMP}]
"Bilbo","appearance","age",[{yourchoice="well-preserved",ts=TIMESTAMP}]
"Boromir","location","beginFellowship",[{yourchoice="travelling",ts=TIMESTAMP}]
"Boromir","location","beginTwoTowers",[{yourchoice="dead",ts=TIMESTAMP}]
"Elrond","location","beginFellowship",[{yourchoice="Rivendell",ts=TIMESTAMP}]
"Eowyn","appearance","hair",[{yourchoice="blonde",ts=TIMESTAMP}]
"Eowyn","appearance","overall",[{yourchoice="beautiful",ts=TIMESTAMP}]
"Frodo","appearance","height",[{yourchoice="short",ts=TIMESTAMP}]
"Frodo","location","beginFellowship",[{yourchoice="The Shire",ts=TIMESTAMP}]
"Gandalf","appearance","beard",[{yourchoice="bushy",ts=TIMESTAMP}]
"Gandalf","location","beginFellowship",[{yourchoice="The Shire",ts=TIMESTAMP}]
"Gandalf","location","beginTwoTowers",[{yourchoice="dead",ts=TIMESTAMP}]
"Tom Bombadil","location","beginFellowship",[{yourchoice="Old Forest",ts=TIMESTAMP}]
