"D","Z","Danaans","Iliad","Book1",8
"D","Z","Danaans","Iliad","Book1_b",8
"D","Z","Dawn","Iliad","Book1",1
"D","Z","Dawn","Iliad","Book1_b",1
"D","Z","Dost","Iliad","Book1",1
"D","Z","Dost","Iliad","Book1_b",1
"D","Z","Dryas","Iliad","Book1",1
"D","Z","Dryas","Iliad","Book1_b",1
"D","Z","Eetion","Iliad","Book1",1
"D","Z","Eetion","Iliad","Book1_b",1
"D","Z","Ethiopians","Iliad","Book1",1
"D","Z","Ethiopians","Iliad","Book1_b",1
"D","Z","Eurybates","Iliad","Book1",1
"D","Z","Eurybates","Iliad","Book1_b",1
"D","Z","Evil","Iliad","Book1",1
"D","Z","Evil","Iliad","Book1_b",1
"D","Z","Exadios","Iliad","Book1",1
"D","Z","Exadios","Iliad","Book1_b",1
"D","Z","Far","Iliad","Book1",1
"D","Z","Far","Iliad","Book1_b",1
"D","Z","Far-darter","Iliad","Book1",10
"D","Z","Far-darter","Iliad","Book1_b",10
"D","Z","Father","Iliad","Book1",1
"D","Z","Father","Iliad","Book1_b",1
"D","Z","First","Iliad","Book1",1
"D","Z","First","Iliad","Book1_b",1
"D","Z","Folk-devouring","Iliad","Book1",1
"D","Z","Folk-devouring","Iliad","Book1_b",1
"D","Z","God","Iliad","Book1",1
"D","Z","God","Iliad","Book1_b",1
"D","Z","Goddess","Iliad","Book1",1
"D","Z","Goddess","Iliad","Book1_b",1
"D","Z","Hades","Iliad","Book1",1
"D","Z","Hades","Iliad","Book1_b",1
"D","Z","Hector","Iliad","Book1",1
"D","Z","Hector","Iliad","Book1_b",1
"D","Z","Hephaistos","Iliad","Book1",3
"D","Z","Hephaistos","Iliad","Book1_b",3
"D","Z","Her","Iliad","Book1",1
"D","Z","Her","Iliad","Book1_b",1
"D","Z","Hera","Iliad","Book1",12
"D","Z","Hera","Iliad","Book1_b",12
"D","Z","Hera:","Iliad","Book1",1
"D","Z","Hera:","Iliad","Book1_b",1
"D","Z","Him","Iliad","Book1",1
"D","Z","Him","Iliad","Book1_b",1
"D","Z","Idomeneus","Iliad","Book1",1
"D","Z","Idomeneus","Iliad","Book1_b",1
"D","Z","Ilios","Iliad","Book1",1
"D","Z","Ilios","Iliad","Book1_b",1
"D","Z","Immortals]","Iliad","Book1",1
"D","Z","Immortals]","Iliad","Book1_b",1
"D","Z","Kaineus","Iliad","Book1",1
"D","Z","Kaineus","Iliad","Book1_b",1
"D","Z","Kalchas","Iliad","Book1",3
"D","Z","Kalchas","Iliad","Book1_b",3
"D","Z","Killa","Iliad","Book1",2
"D","Z","Killa","Iliad","Book1_b",2
"D","Z","Klytaimnestra","Iliad","Book1",1
"D","Z","Klytaimnestra","Iliad","Book1_b",1
"D","Z","Know","Iliad","Book1",1
"D","Z","Know","Iliad","Book1_b",1
"D","Z","Kronion","Iliad","Book1",1
"D","Z","Kronion","Iliad","Book1_b",1
"D","Z","Kronions","Iliad","Book1",1
"D","Z","Kronions","Iliad","Book1_b",1
"D","Z","Kronos","Iliad","Book1",3
"D","Z","Kronos","Iliad","Book1_b",3
"D","Z","Kronos:","Iliad","Book1",2
"D","Z","Kronos:","Iliad","Book1_b",2
"D","Z","Lady","Iliad","Book1",1
"D","Z","Lady","Iliad","Book1_b",1
"D","Z","Lemnos","Iliad","Book1",1
"D","Z","Lemnos","Iliad","Book1_b",1
"D","Z","Leto","Iliad","Book1",2
"D","Z","Leto","Iliad","Book1_b",2
"D","Z","Menelaos","Iliad","Book1",1
"D","Z","Menelaos","Iliad","Book1_b",1
"D","Z","Menoitios","Iliad","Book1",1
"D","Z","Menoitios","Iliad","Book1_b",1
"D","Z","Mightiest","Iliad","Book1",1
"D","Z","Mightiest","Iliad","Book1_b",1
"D","Z","Moreover","Iliad","Book1",1
"D","Z","Moreover","Iliad","Book1_b",1
"D","Z","Mother","Iliad","Book1",1
"D","Z","Mother","Iliad","Book1_b",1
"D","Z","Mountain","Iliad","Book1",1
"D","Z","Mountain","Iliad","Book1_b",1
"D","Z","Muses","Iliad","Book1",1
"D","Z","Muses","Iliad","Book1_b",1
"D","Z","My","Iliad","Book1",1
"D","Z","My","Iliad","Book1_b",1
"D","Z","Myrmidons","Iliad","Book1",2
"D","Z","Myrmidons","Iliad","Book1_b",2
"D","Z","Neither","Iliad","Book1",2
"D","Z","Neither","Iliad","Book1_b",2
"D","Z","Nestor","Iliad","Book1",1
"D","Z","Nestor","Iliad","Book1_b",1
"D","Z","Odysseus","Iliad","Book1",5
"D","Z","Odysseus","Iliad","Book1_b",5
"D","Z","Okeanos","Iliad","Book1",1
"D","Z","Okeanos","Iliad","Book1_b",1
"D","Z","Olympian","Iliad","Book1",5
"D","Z","Olympian","Iliad","Book1_b",5
"D","Z","Olympians","Iliad","Book1",1
"D","Z","Olympians","Iliad","Book1_b",1
"D","Z","Olympus","Iliad","Book1",14
"D","Z","Olympus","Iliad","Book1_b",14
"D","Z","Pallas","Iliad","Book1",2
"D","Z","Pallas","Iliad","Book1_b",2
"D","Z","Patroklos","Iliad","Book1",2
"D","Z","Patroklos","Iliad","Book1_b",2
"D","Z","Peirithoos","Iliad","Book1",1
"D","Z","Peirithoos","Iliad","Book1_b",1
"D","Z","Peleides","Iliad","Book1",3
"D","Z","Peleides","Iliad","Book1_b",3
"D","Z","Peleus","Iliad","Book1",7
"D","Z","Peleus","Iliad","Book1_b",7
"D","Z","Phoebus","Iliad","Book1",6
"D","Z","Phoebus","Iliad","Book1_b",6
"D","Z","Phthia","Iliad","Book1",2
"D","Z","Phthia","Iliad","Book1_b",2
"D","Z","Polyphemos","Iliad","Book1",1
"D","Z","Polyphemos","Iliad","Book1_b",1
"D","Z","Poseidon","Iliad","Book1",1
"D","Z","Poseidon","Iliad","Book1_b",1
"D","Z","Priam","Iliad","Book1",2
"D","Z","Priam","Iliad","Book1_b",2
"D","Z","Priams","Iliad","Book1",1
"D","Z","Priams","Iliad","Book1_b",1
"D","Z","Pylians","Iliad","Book1",1
"D","Z","Pylians","Iliad","Book1_b",1
"D","Z","Pylos","Iliad","Book1",2
"D","Z","Pylos","Iliad","Book1_b",2
"D","Z","Sintian","Iliad","Book1",1
"D","Z","Sintian","Iliad","Book1_b",1
"D","Z","Smintheus!","Iliad","Book1",1
"D","Z","Smintheus!","Iliad","Book1_b",1
"D","Z","Son","Iliad","Book1",1
"D","Z","Son","Iliad","Book1_b",1
"D","Z","Speak","Iliad","Book1",1
"D","Z","Speak","Iliad","Book1_b",1
"D","Z","Sword","Iliad","Book1",1
"D","Z","Sword","Iliad","Book1_b",1
"D","Z","Talthybios","Iliad","Book1",1
"D","Z","Talthybios","Iliad","Book1_b",1
"D","Z","Tenedos","Iliad","Book1",2
"D","Z","Tenedos","Iliad","Book1_b",2
"D","Z","Thebe","Iliad","Book1",1
"D","Z","Thebe","Iliad","Book1_b",1
"D","Z","Theseus","Iliad","Book1",1
"D","Z","Theseus","Iliad","Book1_b",1
"D","Z","Thestor","Iliad","Book1",1
"D","Z","Thestor","Iliad","Book1_b",1
"D","Z","Thetis","Iliad","Book1",5
"D","Z","Thetis","Iliad","Book1_b",5
"D","Z","Thus","Iliad","Book1",2
"D","Z","Thus","Iliad","Book1_b",2
"D","Z","Trojan","Iliad","Book1",2
"D","Z","Trojan","Iliad","Book1_b",2
"D","Z","Trojans","Iliad","Book1",5
"D","Z","Trojans","Iliad","Book1_b",5
"D","Z","Troy-land","Iliad","Book1",1
"D","Z","Troy-land","Iliad","Book1_b",1
Punctuation received: WindowMarker
Punctuation received: FinalMarker
