"Z","Zeus","Book1",30
"Z","Zeus","Book1_b",30
"Z","Zeus--who","Book1",1
"Z","Zeus--who","Book1_b",1
"Z","Zeus?","Book1",1
"Z","Zeus?","Book1_b",1
"Z","[Patroklos]","Book1",1
"Z","[Patroklos]","Book1_b",1
"Z","wordTotal","Book1",6491
Punctuation received: WindowMarker
Punctuation received: FinalMarker
