"getRecord",3,{austen=[{austen="entry_v3",ts=TIMESTAMP},{austen="entry_v2",ts=TIMESTAMP},{austen="entry_v1",ts=TIMESTAMP}],bronte="entry_v3",chaucer="entry_v3"}
