"getRecord",3,{austen="entry_v3",bronte="entry_v3",chaucer=[{entry="entry_v3",time=TIMESTAMP}]}
"getRecord",3,{austen="entry_v3",bronte="entry_v3",chaucer=[{entry="entry_v3",time=TIMESTAMP}]}
