"getRecord",3,{austen="entry_v3",bronte=[{anyName="entry_v3",anyName2=TIMESTAMP},{anyName="entry_v2",anyName2=TIMESTAMP}],chaucer="entry_v3"}
